// Jest Snapshot v1, https://goo.gl/fbAQLP

exports[`My connected React-Redux component should render with given state from Redux store 1`] = `
<ul>
  <span>
     No Reserved Missions!
  </span>
</ul>
`;
